// Jest Snapshot v1, https://goo.gl/fbAQLP

exports[`PublicConsentType should render correctly 1`] = `
<DocumentFragment>
  <title>
    ข้อกำหนดและเงื่อนไข
  </title>
  .emotion-0 {
  display: flex;
  -webkit-flex-direction: column;
  -ms-flex-direction: column;
  flex-direction: column;
  position: fixed;
  top: 0;
  left: 0;
  width: 100%;
  height: 100%;
  z-index: -1;
  background-color: #eceff1;
}

<div
    class="MuiStack-root emotion-0"
  />
  .emotion-0 {
  width: 100%;
  margin-left: auto;
  box-sizing: border-box;
  margin-right: auto;
  display: block;
  padding-left: 16px;
  padding-right: 16px;
  max-width: 1024px;
  margin: 0px auto;
  padding: 24px 16px;
}

@media (min-width:600px) {
  .emotion-0 {
    padding-left: 24px;
    padding-right: 24px;
  }
}

@media (min-width:1200px) {
  .emotion-0 {
    max-width: 1200px;
  }
}

.emotion-1 {
  background-color: #fff;
  color: unset;
  -webkit-transition: box-shadow 300ms cubic-bezier(0.4, 0, 0.2, 1) 0ms;
  transition: box-shadow 300ms cubic-bezier(0.4, 0, 0.2, 1) 0ms;
  border-radius: 16px;
  box-shadow: none;
  padding: 36px 40px;
}

.emotion-2 {
  margin: 0;
  font-size: 20px;
  font-weight: 700;
  line-height: 28px;
}

.emotion-3 {
  margin: 8px 0px 24px;
  -webkit-flex-shrink: 0;
  -ms-flex-negative: 0;
  flex-shrink: 0;
  border-width: 0;
  border-style: solid;
  border-color: rgba(0, 0, 0, 0.12);
  border-bottom-width: thin;
}

.emotion-4 {
  display: flex;
  -webkit-flex-direction: column;
  -ms-flex-direction: column;
  flex-direction: column;
}

.emotion-4>:not(style):not(style) {
  margin: 0;
}

.emotion-4>:not(style)~:not(style) {
  margin-top: 24px;
}

.emotion-5 {
  display: flex;
  -webkit-flex-direction: column;
  -ms-flex-direction: column;
  flex-direction: column;
  padding: 24px;
  border-radius: 12px;
  background-color: #FAFAFA;
}

.emotion-6 {
  font-size: 16px;
  line-height: 28px;
}

.emotion-6>h3:first-of-type,
.emotion-6>p:first-of-type {
  margin-top: 0px;
}

.emotion-6>h3:last-of-type,
.emotion-6>p:last-of-type {
  margin-bottom: 0px;
}

.emotion-6 ul {
  padding-left: 24px;
  list-style-type: disc;
}

.emotion-6 ol {
  list-style-type: none;
  counter-reset: item;
  padding: 0px;
}

.emotion-6 ol>li {
  display: table-row;
  counter-increment: item;
  border-collapse: separate;
  border-spacing: 0px 6px;
}

.emotion-6 ol>li:before {
  display: table-cell;
  content: counters(item, ".") ". ";
  padding-right: 6px;
  white-space: nowrap;
}

.emotion-6 ol>ol,
.emotion-6 ol>ul {
  padding-left: 24px;
}

.emotion-6 ol>ol>li>ol,
.emotion-6 ol>ul>li>ol,
.emotion-6 ol>ol>li>ul,
.emotion-6 ol>ul>li>ul {
  padding: 0px;
}

.emotion-6 li {
  margin: 16px 0px;
}

.emotion-6 li ol>li {
  border-collapse: separate;
  border-spacing: 0px 6px;
}

.emotion-6 li ol>li:before {
  content: counters(item, ".") " ";
  padding-right: 6px;
}

.emotion-6 table {
  width: 100%;
  border-collapse: collapse;
  table-layout: fixed;
  margin: 16px 0px;
}

.emotion-6 table li {
  margin: 0px;
}

.emotion-6 th {
  height: 48px;
  text-align: center;
  color: #ffffff;
  border: 1px solid #000000;
  border-right-color: #ffffff;
  background-color: #002060;
}

.emotion-6 th:last-child {
  border-color: #000000;
}

.emotion-6 td {
  border: 1px solid #000000;
  padding: 8px;
  vertical-align: top;
}

.emotion-8 {
  margin: 0;
  font-size: 18px;
  font-weight: 700;
  line-height: 24px;
  margin-bottom: 24px;
}

.emotion-9 {
  display: flex;
  -webkit-flex-direction: column;
  -ms-flex-direction: column;
  flex-direction: column;
  border: 1px solid #cfd8dc;
  background-color: #fff;
}

.emotion-9:first-of-type {
  border-radius: 12px 12px 0 0;
}

.emotion-9:last-of-type {
  border-radius: 0 0 12px 12px;
}

.emotion-10 {
  display: flex;
  -webkit-flex-direction: row;
  -ms-flex-direction: row;
  flex-direction: row;
  cursor: pointer;
  padding: 24px;
}

.emotion-12 {
  max-width: 52px;
  max-height: 52px;
}

.emotion-13 {
  display: flex;
  -webkit-flex-direction: column;
  -ms-flex-direction: column;
  flex-direction: column;
  -webkit-flex: 1;
  -ms-flex: 1;
  flex: 1;
  margin-left: 12px;
}

.emotion-13>:not(style):not(style) {
  margin: 0;
}

.emotion-13>:not(style)~:not(style) {
  margin-top: 4px;
}

.emotion-14 {
  margin: 0;
  font-size: 16px;
  font-weight: 500;
  line-height: 1.5;
}

.emotion-15 {
  display: flex;
  -webkit-flex-direction: column;
  -ms-flex-direction: column;
  flex-direction: column;
  -webkit-box-pack: center;
  -ms-flex-pack: center;
  -webkit-justify-content: center;
  justify-content: center;
}

.emotion-16 {
  display: inline-flex;
  -webkit-align-items: center;
  -webkit-box-align: center;
  -ms-flex-align: center;
  align-items: center;
  -webkit-box-pack: center;
  -ms-flex-pack: center;
  -webkit-justify-content: center;
  justify-content: center;
  position: relative;
  box-sizing: border-box;
  -webkit-tap-highlight-color: transparent;
  background-color: transparent;
  outline: 0;
  border: 0;
  margin: 0;
  border-radius: 50%;
  padding: 8px;
  cursor: pointer;
  -webkit-user-select: none;
  -moz-user-select: none;
  -ms-user-select: none;
  user-select: none;
  vertical-align: middle;
  -moz-appearance: none;
  -webkit-appearance: none;
  -webkit-text-decoration: none;
  text-decoration: none;
  color: rgba(0, 0, 0, 0.54);
  text-align: center;
  -webkit-flex: 0 0 auto;
  -ms-flex: 0 0 auto;
  flex: 0 0 auto;
  font-size: 1.5rem;
  overflow: visible;
  -webkit-transition: background-color 150ms cubic-bezier(0.4, 0, 0.2, 1) 0ms;
  transition: background-color 150ms cubic-bezier(0.4, 0, 0.2, 1) 0ms;
}

.emotion-16::-moz-focus-inner {
  border-style: none;
}

.emotion-16.Mui-disabled {
  pointer-events: none;
  cursor: default;
}

@media print {
  .emotion-16 {
    -webkit-print-color-adjust: exact;
    color-adjust: exact;
  }
}

.emotion-16:hover {
  background-color: rgba(0, 0, 0, 0.04);
}

@media (hover: none) {
  .emotion-16:hover {
    background-color: transparent;
  }
}

.emotion-16.Mui-disabled {
  background-color: transparent;
  color: rgba(0, 0, 0, 0.26);
}

.emotion-17 {
  width: 24px;
  height: 24px;
}

.emotion-18 {
  overflow: hidden;
  pointer-events: none;
  position: absolute;
  z-index: 0;
  top: 0;
  right: 0;
  bottom: 0;
  left: 0;
  border-radius: inherit;
}

.emotion-19 {
  height: 0;
  overflow: hidden;
  -webkit-transition: height 300ms cubic-bezier(0.4, 0, 0.2, 1) 0ms;
  transition: height 300ms cubic-bezier(0.4, 0, 0.2, 1) 0ms;
  visibility: hidden;
}

.emotion-20 {
  display: flex;
  width: 100%;
}

.emotion-21 {
  width: 100%;
}

.emotion-22 {
  display: flex;
  -webkit-flex-direction: column;
  -ms-flex-direction: column;
  flex-direction: column;
  padding: 16px;
}

<div
    class="MuiContainer-root MuiContainer-maxWidthLg emotion-0"
  >
    <div
      class="MuiPaper-root MuiPaper-elevation MuiPaper-rounded MuiPaper-elevation1 emotion-1"
    >
      <span
        class="MuiTypography-root MuiTypography-titleLargeBold emotion-2"
        data-testid="public-consent-type-title"
      >
        ข้อกำหนดและเงื่อนไข
      </span>
      <hr
        class="MuiDivider-root MuiDivider-fullWidth emotion-3"
      />
      <div
        class="MuiStack-root emotion-4"
      >
        <div
          class="MuiStack-root emotion-5"
        >
          <div
            class="emotion-6"
            data-testid="public-consent-type-content"
          >
            <h2>
              Terms and condition
            </h2>
          </div>
        </div>
        <div
          class="MuiStack-root emotion-5"
          data-testid="public-consent-type-service"
        >
          <span
            class="MuiTypography-root MuiTypography-titleBold emotion-8"
          >
            All Services
          </span>
          <div
            class="MuiStack-root emotion-9"
          >
            <div
              class="MuiStack-root emotion-10"
              data-testid="public-consent-type-service-0"
            >
              <div
                class="MuiBox-root emotion-11"
              >
                <img
                  alt=""
                  class="emotion-12"
                  data-testid="public-consent-type-service-0-logo"
                  src="/service/logo/0"
                />
              </div>
              <div
                class="MuiStack-root emotion-13"
              >
                <span
                  class="MuiTypography-root MuiTypography-bodyMedium emotion-14"
                  data-testid="public-consent-type-service-0-title"
                >
                  Service Title 0
                </span>
                <svg
                  data-testid="public-consent-type-service-0-detail-icon"
                />
              </div>
              <div
                class="MuiStack-root emotion-15"
              >
                <button
                  class="MuiButtonBase-root MuiIconButton-root MuiIconButton-sizeMedium emotion-16"
                  tabindex="0"
                  type="button"
                >
                  <svg
                    class="emotion-17"
                  />
                  <span
                    class="MuiTouchRipple-root emotion-18"
                  />
                </button>
              </div>
            </div>
            <div
              class="MuiCollapse-root MuiCollapse-vertical MuiCollapse-hidden emotion-19"
              style="min-height: 0px;"
            >
              <div
                class="MuiCollapse-wrapper MuiCollapse-vertical emotion-20"
              >
                <div
                  class="MuiCollapse-wrapperInner MuiCollapse-vertical emotion-21"
                >
                  <div
                    class="MuiStack-root emotion-22"
                    data-testid="public-consent-type-service-0-content"
                  >
                    <div
                      class="emotion-6"
                      data-testid="public-consent-type-content"
                    >
                      Consent Content 0
                    </div>
                  </div>
                </div>
              </div>
            </div>
          </div>
        </div>
      </div>
    </div>
  </div>
</DocumentFragment>
`;
