// Jest Snapshot v1, https://goo.gl/fbAQLP

exports[`TermsAndConditionsPage should render correctly 1`] = `
<DocumentFragment>
  <title>
    ข้อกำหนดและเงื่อนไข
  </title>
  .emotion-0 {
  background-color: #fff;
  color: rgba(0, 0, 0, 0.87);
  -webkit-transition: box-shadow 300ms cubic-bezier(0.4, 0, 0.2, 1) 0ms;
  transition: box-shadow 300ms cubic-bezier(0.4, 0, 0.2, 1) 0ms;
  border-radius: 8px;
  box-shadow: 0px 2px 1px -1px rgba(0,0,0,0.2),0px 1px 1px 0px rgba(0,0,0,0.14),0px 1px 3px 0px rgba(0,0,0,0.12);
  position: fixed;
  top: 0;
  left: 0;
  width: 100%;
  padding: 12px 24px;
  border-radius: 0px;
  box-shadow: 0px 4px 6px -1px rgba(0, 0, 0, 0.1);
  overflow: hidden;
}

.emotion-1 {
  margin: 0;
  font-weight: 500;
  line-height: 24px;
  letter-spacing: 0.15px;
  font-size: 16px;
  font-family: NotoSansThai-SemiBold,sans-serif;
  text-align: center;
}

<div
    class="MuiPaper-root MuiPaper-elevation MuiPaper-rounded MuiPaper-elevation1 emotion-0"
  >
    <h3
      class="MuiTypography-root MuiTypography-titleMediumSemiBold emotion-1"
    >
      เลื่อนขึ้นเพื่ออ่านข้อความทั้งหมดและดำเนินการต่อ
    </h3>
  </div>
  .emotion-0 {
  width: 100%;
  margin-left: auto;
  box-sizing: border-box;
  margin-right: auto;
  display: block;
  padding-left: 16px;
  padding-right: 16px;
  max-width: 1024px;
  margin: 72px 0 31px;
}

@media (min-width:600px) {
  .emotion-0 {
    padding-left: 24px;
    padding-right: 24px;
  }
}

@media (min-width:1240px) {
  .emotion-0 {
    max-width: 1240px;
  }
}

<div
    class="MuiContainer-root MuiContainer-maxWidthLg emotion-0"
  />
</DocumentFragment>
`;
