// Jest Snapshot v1, https://goo.gl/fbAQLP

exports[`SymptomCheckerPage should render correctly 1`] = `
<DocumentFragment>
  .emotion-0 {
  display: -webkit-box;
  display: -webkit-flex;
  display: -ms-flexbox;
  display: flex;
  -webkit-flex-direction: column;
  -ms-flex-direction: column;
  flex-direction: column;
  -webkit-flex: 1;
  -ms-flex: 1;
  flex: 1;
  width: 100%;
  padding: 24px;
}

.emotion-1 {
  background-color: #fff;
  color: rgba(0, 0, 0, 0.87);
  -webkit-transition: box-shadow 300ms cubic-bezier(0.4, 0, 0.2, 1) 0ms;
  transition: box-shadow 300ms cubic-bezier(0.4, 0, 0.2, 1) 0ms;
  border-radius: 8px;
  box-shadow: 0px 2px 1px -1px rgba(0,0,0,0.2),0px 1px 1px 0px rgba(0,0,0,0.14),0px 1px 3px 0px rgba(0,0,0,0.12);
  -webkit-flex: 1;
  -ms-flex: 1;
  flex: 1;
  display: -webkit-box;
  display: -webkit-flex;
  display: -ms-flexbox;
  display: flex;
  -webkit-flex-direction: column;
  -ms-flex-direction: column;
  flex-direction: column;
}

.emotion-2 {
  display: -webkit-box;
  display: -webkit-flex;
  display: -ms-flexbox;
  display: flex;
  -webkit-flex-direction: column;
  -ms-flex-direction: column;
  flex-direction: column;
  padding: 32px 40px 0px;
}

.emotion-2 .MuiDivider-root {
  margin-top: 8px;
}

.emotion-3 {
  display: -webkit-box;
  display: -webkit-flex;
  display: -ms-flexbox;
  display: flex;
  -webkit-flex-direction: row;
  -ms-flex-direction: row;
  flex-direction: row;
  -webkit-align-items: center;
  -webkit-box-align: center;
  -ms-flex-align: center;
  align-items: center;
}

.emotion-4 {
  margin-right: 12px;
}

.emotion-5 {
  margin: 0;
  font-family: NotoSansThai-Regular,sans-serif;
  font-weight: 400;
  font-size: 1rem;
  line-height: 1.5;
  font-weight: 500;
  letter-spacing: 0;
  line-height: 52px;
  font-size: 45px;
  font-family: NotoSansThai-SemiBold,sans-serif;
  background: linear-gradient(90deg, #023781 0%, #028DF5 50%, #01EAFF 100%);
  -webkit-background-clip: text;
  background-clip: text;
  -webkit-text-fill-color: transparent;
  text-fill-color: transparent;
  line-height: 1.5;
}

.emotion-6 {
  -webkit-flex: 1;
  -ms-flex: 1;
  flex: 1;
}

.emotion-7 {
  margin: 0;
  font-weight: 500;
  line-height: 24px;
  letter-spacing: 0.15px;
  font-size: 16px;
  font-family: NotoSansThai-SemiBold,sans-serif;
}

.emotion-8 {
  margin: 0;
  -webkit-flex-shrink: 0;
  -ms-flex-negative: 0;
  flex-shrink: 0;
  border-width: 0;
  border-style: solid;
  border-color: rgba(0, 0, 0, 0.12);
  border-bottom-width: thin;
}

.emotion-9 {
  display: -webkit-box;
  display: -webkit-flex;
  display: -ms-flexbox;
  display: flex;
  -webkit-flex-direction: column;
  -ms-flex-direction: column;
  flex-direction: column;
  position: relative;
  -webkit-flex: 1;
  -ms-flex: 1;
  flex: 1;
  padding: 8px 40px;
  overflow: hidden;
}

.emotion-10 {
  display: -webkit-box;
  display: -webkit-flex;
  display: -ms-flexbox;
  display: flex;
  -webkit-flex-direction: column;
  -ms-flex-direction: column;
  flex-direction: column;
  position: absolute;
  top: 0;
  left: 0;
  width: 100%;
  height: 100%;
  -webkit-box-pack: center;
  -ms-flex-pack: center;
  -webkit-justify-content: center;
  justify-content: center;
  -webkit-align-items: center;
  -webkit-box-align: center;
  -ms-flex-align: center;
  align-items: center;
}

.emotion-11 {
  position: absolute;
  width: 0px;
  height: 0px;
}

.emotion-12 {
  pointer-events: none;
}

.emotion-13 {
  position: absolute;
  width: 100%;
  height: 100%;
  padding: 16px;
  border: 0px;
}

<div
    class="MuiStack-root emotion-0"
  >
    <div
      class="MuiPaper-root MuiPaper-elevation MuiPaper-rounded MuiPaper-elevation1 emotion-1"
    >
      <div
        class="MuiStack-root emotion-2"
      >
        <div
          class="MuiStack-root emotion-3"
        >
          <div
            class="MuiBox-root emotion-4"
          >
            <svg />
          </div>
          <p
            class="MuiTypography-root MuiTypography-body1 emotion-5"
          >
            Symptom Checker
          </p>
          <div
            class="MuiBox-root emotion-6"
          />
          <h3
            class="MuiTypography-root MuiTypography-titleMediumSemiBold emotion-7"
          >
            ที่ปรึกษาทางการแพทย์อัจริยะ
          </h3>
        </div>
        <hr
          class="MuiDivider-root MuiDivider-fullWidth emotion-8"
        />
      </div>
      <div
        class="MuiStack-root emotion-9"
      >
        <div
          class="MuiStack-root emotion-10"
        >
          <div
            class="MuiBox-root emotion-11"
            style="width: -12px; height: -48px;"
          >
            <img
              alt="check"
              class="emotion-12"
              src="/img.jpg"
            />
            <iframe
              class="emotion-13"
              src="http://web-url"
              style="border-radius: -1.7999999999999998px;"
            />
          </div>
        </div>
      </div>
    </div>
  </div>
</DocumentFragment>
`;
