// Jest Snapshot v1, https://goo.gl/fbAQLP

exports[`HomePageModule to match snap 1`] = `
<DocumentFragment>
  <div
    class="MuiStack-root css-11ifw6v-MuiStack-root"
  >
    <div
      class="MuiStack-root css-16ptvjd-MuiStack-root"
    >
      <div
        class="MuiStack-root css-1f3kc6o-MuiStack-root"
      >
        <h1
          class="MuiTypography-root MuiTypography-displayMediumSemiBold css-16c1pey-MuiTypography-root"
        >
          สวัสดี แอดมิน
        </h1>
        <h1
          class="MuiTypography-root MuiTypography-displayMediumSemiBold css-1p3qgsj-MuiTypography-root"
        >
          โปรดเลือกเครื่องมือที่คุณต้องการ 
        </h1>
      </div>
      <div
        class="MuiGrid-root MuiGrid-container MuiGrid-spacing-xs-3 css-1vp1qdv-MuiGrid-root"
      >
        <div
          class="MuiGrid-root MuiGrid-item MuiGrid-grid-xs-4 css-au940r-MuiGrid-root"
        >
          <div
            class="MuiStack-root css-kk7l7a-MuiStack-root"
          >
            <img
              alt=""
              data-nimg="1"
              decoding="async"
              height="40"
              loading="lazy"
              src="/_next/image?url=%2Fimg.jpg&w=96&q=75"
              srcset="/_next/image?url=%2Fimg.jpg&w=48&q=75 1x, /_next/image?url=%2Fimg.jpg&w=96&q=75 2x"
              style="color: transparent; width: 48px; height: 48px; margin: 0px 0px 8px 0px;"
              width="40"
            />
            <h3
              class="MuiTypography-root MuiTypography-titleLargeSemiBold css-1puhohr-MuiTypography-root"
            >
              AI Interpret
            </h3>
            <span
              class="MuiTypography-root MuiTypography-bodyLarge css-uzzo47-MuiTypography-root"
            >
              แปลและสรุปผลสุขภาพ
            </span>
          </div>
        </div>
      </div>
    </div>
  </div>
</DocumentFragment>
`;
