// Jest Snapshot v1, https://goo.gl/fbAQLP

exports[`LocalesProvider should render correctly 1`] = `
<DocumentFragment>
  <div
    data-testid="children"
  />
</DocumentFragment>
`;
