// Jest Snapshot v1, https://goo.gl/fbAQLP

exports[`HomePageModule should render correctly 1`] = `
<DocumentFragment>
  .emotion-0 {
  display: -webkit-box;
  display: -webkit-flex;
  display: -ms-flexbox;
  display: flex;
  -webkit-flex-direction: column;
  -ms-flex-direction: column;
  flex-direction: column;
  -webkit-flex: 1;
  -ms-flex: 1;
  flex: 1;
  padding: 24px;
  overflow: hidden;
}

.emotion-1 {
  background-color: #fff;
  color: rgba(0, 0, 0, 0.87);
  -webkit-transition: box-shadow 300ms cubic-bezier(0.4, 0, 0.2, 1) 0ms;
  transition: box-shadow 300ms cubic-bezier(0.4, 0, 0.2, 1) 0ms;
  border-radius: 4px;
  box-shadow: 0px 2px 1px -1px rgba(0,0,0,0.2),0px 1px 1px 0px rgba(0,0,0,0.14),0px 1px 3px 0px rgba(0,0,0,0.12);
  color: unset;
  -webkit-flex: 1;
  -ms-flex: 1;
  flex: 1;
  display: -webkit-box;
  display: -webkit-flex;
  display: -ms-flexbox;
  display: flex;
  -webkit-flex-direction: column;
  -ms-flex-direction: column;
  flex-direction: column;
  overflow: auto;
  border-radius: 16px;
  box-shadow: none;
}

.emotion-2 {
  display: -webkit-box;
  display: -webkit-flex;
  display: -ms-flexbox;
  display: flex;
  -webkit-flex-direction: column;
  -ms-flex-direction: column;
  flex-direction: column;
  -webkit-flex: 1;
  -ms-flex: 1;
  flex: 1;
}

.emotion-3 {
  display: -webkit-box;
  display: -webkit-flex;
  display: -ms-flexbox;
  display: flex;
  -webkit-flex-direction: column;
  -ms-flex-direction: column;
  flex-direction: column;
  -webkit-align-items: flex-start;
  -webkit-box-align: flex-start;
  -ms-flex-align: flex-start;
  align-items: flex-start;
  padding: 40px;
}

.emotion-3>:not(style):not(style) {
  margin: 0;
}

.emotion-3>:not(style)~:not(style) {
  margin-top: 16px;
}

.emotion-4 {
  margin: 0;
  font-family: fontFamily;
  font-weight: 400;
  font-size: 1rem;
  line-height: 1.5;
  font-size: 36px;
  font-weight: 700;
  line-height: 1.5;
  background: linear-gradient(94deg, #0059D6 0%, #028DF5 50%, #00CBDD 100%);
  -webkit-background-clip: text;
  background-clip: text;
  -webkit-text-fill-color: transparent;
  text-fill-color: transparent;
  line-height: 1.5;
}

.emotion-5 {
  margin: 0;
  font-size: 36px;
  font-weight: 700;
  line-height: 1.5;
}

.emotion-6 {
  box-sizing: border-box;
  display: -webkit-box;
  display: -webkit-flex;
  display: -ms-flexbox;
  display: flex;
  -webkit-box-flex-wrap: wrap;
  -webkit-flex-wrap: wrap;
  -ms-flex-wrap: wrap;
  flex-wrap: wrap;
  width: 100%;
  -webkit-flex-direction: row;
  -ms-flex-direction: row;
  flex-direction: row;
  margin-top: -24px;
  width: calc(100% + 24px);
  margin-left: -24px;
  padding: 0px 40px;
}

.emotion-6>.MuiGrid-item {
  padding-top: 24px;
}

.emotion-6>.MuiGrid-item {
  padding-left: 24px;
}

.emotion-7 {
  box-sizing: border-box;
  margin: 0;
  -webkit-flex-direction: row;
  -ms-flex-direction: row;
  flex-direction: row;
  width: 264px;
}

.emotion-8 {
  background-color: #fff;
  color: rgba(0, 0, 0, 0.87);
  -webkit-transition: box-shadow 300ms cubic-bezier(0.4, 0, 0.2, 1) 0ms;
  transition: box-shadow 300ms cubic-bezier(0.4, 0, 0.2, 1) 0ms;
  border-radius: 4px;
  box-shadow: 0px 2px 1px -1px rgba(0,0,0,0.2),0px 1px 1px 0px rgba(0,0,0,0.14),0px 1px 3px 0px rgba(0,0,0,0.12);
  color: unset;
  overflow: hidden;
  cursor: pointer;
  display: -webkit-box;
  display: -webkit-flex;
  display: -ms-flexbox;
  display: flex;
  -webkit-flex-direction: column;
  -ms-flex-direction: column;
  flex-direction: column;
  -webkit-align-items: center;
  -webkit-box-align: center;
  -ms-flex-align: center;
  align-items: center;
  text-align: center;
  padding: 16px;
  box-shadow: none;
  border-radius: 12px;
  border: 1px solid #CFD8DC;
}

.emotion-9 {
  margin: 0;
  font-size: 16px;
  font-weight: 700;
  line-height: 1.5;
  margin-top: 16px;
}

.emotion-10 {
  margin: 0;
  font-size: 14px;
  line-height: 1.5;
  color: #607D8B;
  margin-top: 4px;
}

<div
    class="MuiStack-root emotion-0"
  >
    <div
      class="MuiPaper-root MuiPaper-elevation MuiPaper-rounded MuiPaper-elevation1 emotion-1"
    >
      <div
        class="MuiStack-root emotion-2"
      >
        <div
          class="MuiStack-root emotion-3"
        >
          <p
            class="MuiTypography-root MuiTypography-body1 emotion-4"
          >
            สวัสดี แอดมิน
          </p>
          <h1
            class="MuiTypography-root MuiTypography-headerExtraLargeBold emotion-5"
          >
            โปรดเลือกเครื่องมือที่คุณต้องการ 
          </h1>
        </div>
        <div
          class="MuiGrid-root MuiGrid-container emotion-6"
        >
          <div
            class="MuiGrid-root MuiGrid-item emotion-7"
          >
            <div
              class="MuiPaper-root MuiPaper-elevation MuiPaper-rounded MuiPaper-elevation1 MuiCard-root emotion-8"
            >
              <svg />
              <p
                class="MuiTypography-root MuiTypography-bodyBold emotion-9"
              >
                Title 0
              </p>
              <p
                class="MuiTypography-root MuiTypography-bodySmall emotion-10"
              >
                Description 0
              </p>
            </div>
          </div>
          <div
            class="MuiGrid-root MuiGrid-item emotion-7"
          >
            <div
              class="MuiPaper-root MuiPaper-elevation MuiPaper-rounded MuiPaper-elevation1 MuiCard-root emotion-8"
            >
              <svg />
              <p
                class="MuiTypography-root MuiTypography-bodyBold emotion-9"
              >
                Title 1
              </p>
              <p
                class="MuiTypography-root MuiTypography-bodySmall emotion-10"
              >
                Description 1
              </p>
            </div>
          </div>
        </div>
      </div>
    </div>
  </div>
</DocumentFragment>
`;
