// Jest Snapshot v1, https://goo.gl/fbAQLP

exports[`AsrService should render correctly 1`] = `
<DocumentFragment>
  <title>
    Order ASR
  </title>
  .emotion-0 {
  display: flex;
  -webkit-flex-direction: column;
  -ms-flex-direction: column;
  flex-direction: column;
  -webkit-flex: 1;
  -ms-flex: 1;
  flex: 1;
  padding: 24px;
  overflow: hidden;
}

.emotion-1 {
  background-color: #fff;
  color: unset;
  -webkit-transition: box-shadow 300ms cubic-bezier(0.4, 0, 0.2, 1) 0ms;
  transition: box-shadow 300ms cubic-bezier(0.4, 0, 0.2, 1) 0ms;
  border-radius: 16px;
  box-shadow: none;
  -webkit-flex: 1;
  -ms-flex: 1;
  flex: 1;
  display: flex;
  -webkit-flex-direction: column;
  -ms-flex-direction: column;
  flex-direction: column;
  overflow: auto;
}

.emotion-2 {
  display: flex;
  -webkit-flex-direction: column;
  -ms-flex-direction: column;
  flex-direction: column;
  -webkit-flex: 1;
  -ms-flex: 1;
  flex: 1;
}

.emotion-3 {
  width: 100%;
  height: 100%;
  border: 0px;
}

<div
    class="MuiStack-root emotion-0"
  >
    <div
      class="MuiPaper-root MuiPaper-elevation MuiPaper-rounded MuiPaper-elevation1 emotion-1"
    >
      <div
        class="MuiStack-root emotion-2"
      >
        <iframe
          allow="camera; microphone"
          class="emotion-3"
          src="url://service-0?source=corporate"
        />
      </div>
    </div>
  </div>
</DocumentFragment>
`;
