// Jest Snapshot v1, https://goo.gl/fbAQLP

exports[`FormCheckbox should render correctly 1`] = `
<DocumentFragment>
  .emotion-0 {
  display: inline-flex;
  -webkit-align-items: center;
  -webkit-box-align: center;
  -ms-flex-align: center;
  align-items: center;
  cursor: pointer;
  vertical-align: middle;
  -webkit-tap-highlight-color: transparent;
  margin-left: -11px;
  margin-right: 16px;
}

.emotion-0.Mui-disabled {
  cursor: default;
}

.emotion-0 .MuiFormControlLabel-label.Mui-disabled {
  color: #B0BEC5;
}

.emotion-1 {
  display: inline-flex;
  -webkit-align-items: center;
  -webkit-box-align: center;
  -ms-flex-align: center;
  align-items: center;
  -webkit-box-pack: center;
  -ms-flex-pack: center;
  -webkit-justify-content: center;
  justify-content: center;
  position: relative;
  box-sizing: border-box;
  -webkit-tap-highlight-color: transparent;
  background-color: transparent;
  outline: 0;
  border: 0;
  margin: 0;
  border-radius: 50%;
  padding: 9px;
  cursor: pointer;
  -webkit-user-select: none;
  -moz-user-select: none;
  -ms-user-select: none;
  user-select: none;
  vertical-align: middle;
  -moz-appearance: none;
  -webkit-appearance: none;
  -webkit-text-decoration: none;
  text-decoration: none;
  color: rgba(0, 0, 0, 0.6);
}

.emotion-1::-moz-focus-inner {
  border-style: none;
}

.emotion-1.Mui-disabled {
  pointer-events: none;
  cursor: default;
}

@media print {
  .emotion-1 {
    -webkit-print-color-adjust: exact;
    color-adjust: exact;
  }
}

.emotion-1:hover {
  background-color: rgba(33, 150, 243, 0.04);
}

@media (hover: none) {
  .emotion-1:hover {
    background-color: transparent;
  }
}

.emotion-1.Mui-checked,
.emotion-1.MuiCheckbox-indeterminate {
  color: #2196F3;
}

.emotion-1.Mui-disabled {
  color: rgba(0, 0, 0, 0.26);
}

.emotion-2 {
  cursor: inherit;
  position: absolute;
  opacity: 0;
  width: 100%;
  height: 100%;
  top: 0;
  left: 0;
  margin: 0;
  padding: 0;
  z-index: 1;
}

.emotion-3 {
  -webkit-user-select: none;
  -moz-user-select: none;
  -ms-user-select: none;
  user-select: none;
  width: 1em;
  height: 1em;
  display: inline-block;
  fill: currentColor;
  -webkit-flex-shrink: 0;
  -ms-flex-negative: 0;
  flex-shrink: 0;
  -webkit-transition: fill 200ms cubic-bezier(0.4, 0, 0.2, 1) 0ms;
  transition: fill 200ms cubic-bezier(0.4, 0, 0.2, 1) 0ms;
  font-size: 1.5rem;
}

.emotion-4 {
  overflow: hidden;
  pointer-events: none;
  position: absolute;
  z-index: 0;
  top: 0;
  right: 0;
  bottom: 0;
  left: 0;
  border-radius: inherit;
}

.emotion-5 {
  margin: 0;
  font-family: fontFamily;
  font-weight: 400;
  font-size: 1rem;
  line-height: 1.5;
}

<form
    novalidate=""
  >
    <label
      class="MuiFormControlLabel-root MuiFormControlLabel-labelPlacementEnd emotion-0"
      data-testid="test-checkbox"
    >
      <span
        class="MuiButtonBase-root MuiCheckbox-root MuiCheckbox-colorPrimary MuiCheckbox-sizeMedium PrivateSwitchBase-root MuiCheckbox-root MuiCheckbox-colorPrimary MuiCheckbox-sizeMedium MuiCheckbox-root MuiCheckbox-colorPrimary MuiCheckbox-sizeMedium emotion-1"
        data-testid="test-checkbox-item-button"
      >
        <input
          class="PrivateSwitchBase-input emotion-2"
          data-indeterminate="false"
          data-testid="test-checkbox-value"
          name="test"
          type="checkbox"
          value="false"
        />
        <svg
          aria-hidden="true"
          class="MuiSvgIcon-root MuiSvgIcon-fontSizeMedium emotion-3"
          data-testid="CheckBoxOutlineBlankIcon"
          focusable="false"
          viewBox="0 0 24 24"
        >
          <path
            d="M19 5v14H5V5h14m0-2H5c-1.1 0-2 .9-2 2v14c0 1.1.9 2 2 2h14c1.1 0 2-.9 2-2V5c0-1.1-.9-2-2-2z"
          />
        </svg>
        <span
          class="MuiTouchRipple-root emotion-4"
        />
      </span>
      <p
        class="MuiTypography-root MuiTypography-body1 emotion-5"
        data-testid="test-checkbox-label"
      >
        test label
      </p>
    </label>
    <button
      data-testid="submit-button"
      type="submit"
    >
      Submit
    </button>
  </form>
</DocumentFragment>
`;
