// Jest Snapshot v1, https://goo.gl/fbAQLP

exports[`ModalLayer should render correctly 1`] = `<DocumentFragment />`;
