// Jest Snapshot v1, https://goo.gl/fbAQLP

exports[`InputDataHeaderSection should render correctly 1`] = `
<DocumentFragment>
  .emotion-0 {
  display: -webkit-box;
  display: -webkit-flex;
  display: -ms-flexbox;
  display: flex;
  -webkit-flex-direction: column;
  -ms-flex-direction: column;
  flex-direction: column;
  margin-top: 24px;
}

.emotion-1 {
  display: -webkit-box;
  display: -webkit-flex;
  display: -ms-flexbox;
  display: flex;
  -webkit-flex-direction: row;
  -ms-flex-direction: row;
  flex-direction: row;
}

.emotion-2 {
  margin: 0;
  font-weight: 500;
  line-height: 32px;
  letter-spacing: 0;
  font-size: 24px;
  font-family: NotoSansThai-SemiBold,sans-serif;
}

.emotion-3 {
  display: -webkit-box;
  display: -webkit-flex;
  display: -ms-flexbox;
  display: flex;
  -webkit-flex-direction: column;
  -ms-flex-direction: column;
  flex-direction: column;
  margin-left: auto;
}

.emotion-4 {
  display: -webkit-box;
  display: -webkit-flex;
  display: -ms-flexbox;
  display: flex;
  -webkit-flex-direction: row;
  -ms-flex-direction: row;
  flex-direction: row;
  -webkit-box-pack: end;
  -ms-flex-pack: end;
  -webkit-justify-content: end;
  justify-content: end;
}

.emotion-4>:not(style):not(style) {
  margin: 0;
}

.emotion-4>:not(style)~:not(style) {
  margin-left: 16px;
}

.emotion-5 {
  display: -webkit-inline-box;
  display: -webkit-inline-flex;
  display: -ms-inline-flexbox;
  display: inline-flex;
  -webkit-align-items: center;
  -webkit-box-align: center;
  -ms-flex-align: center;
  align-items: center;
  -webkit-box-pack: center;
  -ms-flex-pack: center;
  -webkit-justify-content: center;
  justify-content: center;
  position: relative;
  box-sizing: border-box;
  -webkit-tap-highlight-color: transparent;
  background-color: transparent;
  outline: 0;
  border: 0;
  margin: 0;
  border-radius: 0;
  padding: 0;
  cursor: pointer;
  -webkit-user-select: none;
  -moz-user-select: none;
  -ms-user-select: none;
  user-select: none;
  vertical-align: middle;
  -moz-appearance: none;
  -webkit-appearance: none;
  -webkit-text-decoration: none;
  text-decoration: none;
  color: inherit;
  font-family: NotoSansThai-Regular,sans-serif;
  font-weight: 500;
  font-size: 0.875rem;
  line-height: 1.75;
  text-transform: uppercase;
  min-width: 64px;
  padding: 6px 8px;
  border-radius: 8px;
  -webkit-transition: background-color 250ms cubic-bezier(0.4, 0, 0.2, 1) 0ms,box-shadow 250ms cubic-bezier(0.4, 0, 0.2, 1) 0ms,border-color 250ms cubic-bezier(0.4, 0, 0.2, 1) 0ms,color 250ms cubic-bezier(0.4, 0, 0.2, 1) 0ms;
  transition: background-color 250ms cubic-bezier(0.4, 0, 0.2, 1) 0ms,box-shadow 250ms cubic-bezier(0.4, 0, 0.2, 1) 0ms,border-color 250ms cubic-bezier(0.4, 0, 0.2, 1) 0ms,color 250ms cubic-bezier(0.4, 0, 0.2, 1) 0ms;
  color: #1976d2;
  width: -webkit-fit-content;
  width: -moz-fit-content;
  width: fit-content;
  height: 40px;
  padding: 10px;
  border-radius: 10px;
  border: 1px solid #9e9e9e;
  background: #fff;
  color: #212121;
}

.emotion-5::-moz-focus-inner {
  border-style: none;
}

.emotion-5.Mui-disabled {
  pointer-events: none;
  cursor: default;
}

@media print {
  .emotion-5 {
    -webkit-print-color-adjust: exact;
    color-adjust: exact;
  }
}

.emotion-5:hover {
  -webkit-text-decoration: none;
  text-decoration: none;
  background-color: rgba(25, 118, 210, 0.04);
}

@media (hover: none) {
  .emotion-5:hover {
    background-color: transparent;
  }
}

.emotion-5.Mui-disabled {
  color: rgba(0, 0, 0, 0.26);
}

.emotion-6 {
  margin: 0;
  font-weight: 500;
  line-height: 20px;
  letter-spacing: 0.1px;
  font-size: 14px;
  font-family: NotoSansThai-SemiBold,sans-serif;
  margin-left: 8px;
}

.emotion-7 {
  overflow: hidden;
  pointer-events: none;
  position: absolute;
  z-index: 0;
  top: 0;
  right: 0;
  bottom: 0;
  left: 0;
  border-radius: inherit;
}

.emotion-8 {
  display: -webkit-inline-box;
  display: -webkit-inline-flex;
  display: -ms-inline-flexbox;
  display: inline-flex;
  -webkit-align-items: center;
  -webkit-box-align: center;
  -ms-flex-align: center;
  align-items: center;
  -webkit-box-pack: center;
  -ms-flex-pack: center;
  -webkit-justify-content: center;
  justify-content: center;
  position: relative;
  box-sizing: border-box;
  -webkit-tap-highlight-color: transparent;
  background-color: transparent;
  outline: 0;
  border: 0;
  margin: 0;
  border-radius: 0;
  padding: 0;
  cursor: pointer;
  -webkit-user-select: none;
  -moz-user-select: none;
  -ms-user-select: none;
  user-select: none;
  vertical-align: middle;
  -moz-appearance: none;
  -webkit-appearance: none;
  -webkit-text-decoration: none;
  text-decoration: none;
  color: inherit;
  font-family: NotoSansThai-Regular,sans-serif;
  font-weight: 500;
  font-size: 0.875rem;
  line-height: 1.75;
  text-transform: uppercase;
  min-width: 64px;
  padding: 6px 8px;
  border-radius: 8px;
  -webkit-transition: background-color 250ms cubic-bezier(0.4, 0, 0.2, 1) 0ms,box-shadow 250ms cubic-bezier(0.4, 0, 0.2, 1) 0ms,border-color 250ms cubic-bezier(0.4, 0, 0.2, 1) 0ms,color 250ms cubic-bezier(0.4, 0, 0.2, 1) 0ms;
  transition: background-color 250ms cubic-bezier(0.4, 0, 0.2, 1) 0ms,box-shadow 250ms cubic-bezier(0.4, 0, 0.2, 1) 0ms,border-color 250ms cubic-bezier(0.4, 0, 0.2, 1) 0ms,color 250ms cubic-bezier(0.4, 0, 0.2, 1) 0ms;
  color: #1976d2;
  padding: 10px;
  height: 40px;
  border-radius: 10px;
  box-shadow: 2px 2px 6px 0px #C2C7CF;
  background: linear-gradient(90deg, rgba(0,89,214,1) 0%, rgba(2,141,245,1) 50%, rgba(0,203,221,1) 100%);
  color: #fff;
}

.emotion-8::-moz-focus-inner {
  border-style: none;
}

.emotion-8.Mui-disabled {
  pointer-events: none;
  cursor: default;
}

@media print {
  .emotion-8 {
    -webkit-print-color-adjust: exact;
    color-adjust: exact;
  }
}

.emotion-8:hover {
  -webkit-text-decoration: none;
  text-decoration: none;
  background-color: rgba(25, 118, 210, 0.04);
}

@media (hover: none) {
  .emotion-8:hover {
    background-color: transparent;
  }
}

.emotion-8.Mui-disabled {
  color: rgba(0, 0, 0, 0.26);
}

.emotion-9 {
  margin: 0;
  font-weight: 500;
  line-height: 20px;
  letter-spacing: 0.1px;
  font-size: 14px;
  font-family: NotoSansThai-SemiBold,sans-serif;
  color: #fff;
  margin-left: 8px;
}

.emotion-11 {
  display: -webkit-box;
  display: -webkit-flex;
  display: -ms-flexbox;
  display: flex;
  -webkit-flex-direction: row;
  -ms-flex-direction: row;
  flex-direction: row;
  margin-top: 16px;
}

.emotion-12 {
  display: -webkit-box;
  display: -webkit-flex;
  display: -ms-flexbox;
  display: flex;
  -webkit-flex-direction: row;
  -ms-flex-direction: row;
  flex-direction: row;
}

.emotion-12>:not(style):not(style) {
  margin: 0;
}

.emotion-12>:not(style)~:not(style) {
  margin-left: 8px;
}

.emotion-13 {
  margin: 0;
  font-weight: 400;
  line-height: 24px;
  letter-spacing: 0.5px;
  font-size: 16px;
  font-family: NotoSansThai-Regular,sans-serif;
}

.emotion-14 {
  margin: 0;
  font-weight: 500;
  line-height: 24px;
  letter-spacing: 0.5px;
  font-size: 16px;
  font-family: NotoSansThai-SemiBold,sans-serif;
}

.emotion-15 {
  display: -webkit-box;
  display: -webkit-flex;
  display: -ms-flexbox;
  display: flex;
  -webkit-flex-direction: row;
  -ms-flex-direction: row;
  flex-direction: row;
  margin-left: 16px;
}

.emotion-15>:not(style):not(style) {
  margin: 0;
}

.emotion-15>:not(style)~:not(style) {
  margin-left: 8px;
}

<div
    class="MuiStack-root emotion-0"
  >
    <div
      class="MuiStack-root emotion-1"
    >
      <h2
        class="MuiTypography-root MuiTypography-headlineSmallSemiBold emotion-2"
        data-testid="page-title"
      >
        ทดลองใส่ข้อมูลเอง
      </h2>
      <div
        class="MuiStack-root emotion-3"
      >
        <div
          class="MuiStack-root emotion-4"
        >
          <button
            class="MuiButtonBase-root MuiButton-root MuiButton-text MuiButton-textPrimary MuiButton-sizeMedium MuiButton-textSizeMedium MuiButton-colorPrimary MuiButton-root MuiButton-text MuiButton-textPrimary MuiButton-sizeMedium MuiButton-textSizeMedium MuiButton-colorPrimary emotion-5"
            data-testid="use-example-data-button"
            tabindex="0"
            type="button"
          >
            <svg />
            <span
              class="MuiTypography-root MuiTypography-labelLargeSemiBold emotion-6"
            >
              ใช้ข้อมูลตัวอย่าง
            </span>
            <span
              class="MuiTouchRipple-root emotion-7"
            />
          </button>
          <button
            class="MuiButtonBase-root MuiButton-root MuiButton-text MuiButton-textPrimary MuiButton-sizeMedium MuiButton-textSizeMedium MuiButton-colorPrimary MuiButton-root MuiButton-text MuiButton-textPrimary MuiButton-sizeMedium MuiButton-textSizeMedium MuiButton-colorPrimary emotion-8"
            data-testid="submit-interpret-button"
            tabindex="0"
            type="button"
          >
            <svg />
            <span
              class="MuiTypography-root MuiTypography-labelLargeSemiBold emotion-9"
            >
              แปลและสรุปข้อมูล
            </span>
            <span
              class="MuiTouchRipple-root emotion-7"
            />
          </button>
        </div>
        <div
          class="MuiStack-root emotion-11"
        >
          <div
            class="MuiStack-root emotion-12"
          >
            <span
              class="MuiTypography-root MuiTypography-bodyLarge emotion-13"
            >
              เครดิตของฉัน
            </span>
            <span
              class="MuiTypography-root MuiTypography-bodyLargeSemiBold emotion-14"
            >
              ใช้ได้ไม่จำกัด
            </span>
          </div>
          <div
            class="MuiStack-root emotion-15"
          >
            <span
              class="MuiTypography-root MuiTypography-bodyLarge emotion-13"
            >
              Model Version
            </span>
            <span
              class="MuiTypography-root MuiTypography-bodyLargeSemiBold emotion-14"
            >
              1.0
            </span>
          </div>
        </div>
      </div>
    </div>
  </div>
</DocumentFragment>
`;
