// Jest Snapshot v1, https://goo.gl/fbAQLP

exports[`InputDataModule should render correctly 1`] = `<DocumentFragment />`;
