// Jest Snapshot v1, https://goo.gl/fbAQLP

exports[`InterpretModal should render correctly 1`] = `
.emotion-0 {
  position: fixed;
  z-index: 1300;
  right: 0;
  bottom: 0;
  top: 0;
  left: 0;
}

@media print {
  .emotion-0 {
    position: absolute!important;
  }
}

.emotion-0 .MuiPaper-root {
  background-color: transparent;
  box-shadow: none;
}

.emotion-1 {
  position: fixed;
  display: flex;
  -webkit-align-items: center;
  -webkit-box-align: center;
  -ms-flex-align: center;
  align-items: center;
  -webkit-box-pack: center;
  -ms-flex-pack: center;
  -webkit-justify-content: center;
  justify-content: center;
  right: 0;
  bottom: 0;
  top: 0;
  left: 0;
  background-color: rgba(0, 0, 0, 0.5);
  -webkit-tap-highlight-color: transparent;
  z-index: -1;
}

.emotion-2 {
  height: 100%;
  outline: 0;
  display: flex;
  -webkit-box-pack: center;
  -ms-flex-pack: center;
  -webkit-justify-content: center;
  justify-content: center;
  -webkit-align-items: center;
  -webkit-box-align: center;
  -ms-flex-align: center;
  align-items: center;
}

@media print {
  .emotion-2 {
    height: auto;
  }
}

.emotion-3 {
  background-color: #fff;
  color: unset;
  -webkit-transition: box-shadow 300ms cubic-bezier(0.4, 0, 0.2, 1) 0ms;
  transition: box-shadow 300ms cubic-bezier(0.4, 0, 0.2, 1) 0ms;
  border-radius: 4px;
  box-shadow: 0px 11px 15px -7px rgba(0,0,0,0.2),0px 24px 38px 3px rgba(0,0,0,0.14),0px 9px 46px 8px rgba(0,0,0,0.12);
  margin: 32px;
  position: relative;
  overflow-y: auto;
  display: flex;
  -webkit-flex-direction: column;
  -ms-flex-direction: column;
  flex-direction: column;
  max-height: calc(100% - 64px);
  max-width: 600px;
}

@media print {
  .emotion-3 {
    overflow-y: visible;
    box-shadow: none;
  }
}

@media (max-width:663.95px) {
  .emotion-3.MuiDialog-paperScrollBody {
    max-width: calc(100% - 64px);
  }
}

.emotion-4 {
  display: flex;
  -webkit-flex-direction: column;
  -ms-flex-direction: column;
  flex-direction: column;
  -webkit-align-items: center;
  -webkit-box-align: center;
  -ms-flex-align: center;
  align-items: center;
  color: #FFFFFF;
}

.emotion-5 {
  width: 100px;
  height: 100px;
}

.emotion-6 {
  margin: 0;
  font-size: 16px;
  font-weight: 700;
  line-height: 1.5;
  margin-top: 18px;
  white-space: pre-line;
}

.emotion-7 {
  display: inline-flex;
  -webkit-align-items: center;
  -webkit-box-align: center;
  -ms-flex-align: center;
  align-items: center;
  -webkit-box-pack: center;
  -ms-flex-pack: center;
  -webkit-justify-content: center;
  justify-content: center;
  position: relative;
  box-sizing: border-box;
  -webkit-tap-highlight-color: transparent;
  background-color: transparent;
  outline: 0;
  border: 2px solid #FFFFFF;
  margin: 0;
  border-radius: 4px;
  padding: 6px 8px;
  cursor: pointer;
  -webkit-user-select: none;
  -moz-user-select: none;
  -ms-user-select: none;
  user-select: none;
  vertical-align: middle;
  -moz-appearance: none;
  -webkit-appearance: none;
  -webkit-text-decoration: none;
  text-decoration: none;
  color: #FFFFFF;
  font-family: fontFamily;
  font-weight: 700;
  font-size: 12px;
  line-height: 1.5;
  text-transform: uppercase;
  min-width: 64px;
  -webkit-transition: background-color 250ms cubic-bezier(0.4, 0, 0.2, 1) 0ms,box-shadow 250ms cubic-bezier(0.4, 0, 0.2, 1) 0ms,border-color 250ms cubic-bezier(0.4, 0, 0.2, 1) 0ms,color 250ms cubic-bezier(0.4, 0, 0.2, 1) 0ms;
  transition: background-color 250ms cubic-bezier(0.4, 0, 0.2, 1) 0ms,box-shadow 250ms cubic-bezier(0.4, 0, 0.2, 1) 0ms,border-color 250ms cubic-bezier(0.4, 0, 0.2, 1) 0ms,color 250ms cubic-bezier(0.4, 0, 0.2, 1) 0ms;
  width: 150px;
  height: 46px;
  margin-top: 36px;
}

.emotion-7::-moz-focus-inner {
  border-style: none;
}

.emotion-7.Mui-disabled {
  pointer-events: none;
  cursor: default;
}

@media print {
  .emotion-7 {
    -webkit-print-color-adjust: exact;
    color-adjust: exact;
  }
}

.emotion-7:hover {
  -webkit-text-decoration: none;
  text-decoration: none;
  background-color: rgba(33, 150, 243, 0.04);
}

@media (hover: none) {
  .emotion-7:hover {
    background-color: transparent;
  }
}

.emotion-7.Mui-disabled {
  color: rgba(0, 0, 0, 0.26);
}

.emotion-8 {
  overflow: hidden;
  pointer-events: none;
  position: absolute;
  z-index: 0;
  top: 0;
  right: 0;
  bottom: 0;
  left: 0;
  border-radius: inherit;
}

<body
  style="padding-right: 1024px; overflow: hidden;"
>
  <div
    aria-hidden="true"
  />
  <div
    class="MuiDialog-root MuiModal-root emotion-0"
    role="presentation"
  >
    <div
      aria-hidden="true"
      class="MuiBackdrop-root MuiModal-backdrop emotion-1"
      style="opacity: 1; webkit-transition: opacity 225ms cubic-bezier(0.4, 0, 0.2, 1) 0ms; transition: opacity 225ms cubic-bezier(0.4, 0, 0.2, 1) 0ms;"
    />
    <div
      data-testid="sentinelStart"
      tabindex="0"
    />
    <div
      class="MuiDialog-container MuiDialog-scrollPaper emotion-2"
      role="presentation"
      style="opacity: 1; webkit-transition: opacity 225ms cubic-bezier(0.4, 0, 0.2, 1) 0ms; transition: opacity 225ms cubic-bezier(0.4, 0, 0.2, 1) 0ms;"
      tabindex="-1"
    >
      <div
        aria-labelledby=":r0:"
        class="MuiPaper-root MuiPaper-elevation MuiPaper-rounded MuiPaper-elevation24 MuiDialog-paper MuiDialog-paperScrollPaper MuiDialog-paperWidthSm emotion-3"
        role="dialog"
      >
        <div
          class="MuiStack-root emotion-4"
        >
          <img
            alt=""
            class="emotion-5"
            data-testid="interpret-image-pending"
            src="/img.jpg"
          />
          <span
            class="MuiTypography-root MuiTypography-bodyBold emotion-6"
          >
            กำลังประมวลผล
          </span>
          <button
            class="MuiButtonBase-root MuiButton-root MuiButton-text MuiButton-textPrimary MuiButton-sizeMedium MuiButton-textSizeMedium MuiButton-colorPrimary MuiButton-root MuiButton-text MuiButton-textPrimary MuiButton-sizeMedium MuiButton-textSizeMedium MuiButton-colorPrimary emotion-7"
            data-testid="modal-ok-button"
            tabindex="0"
            type="button"
          >
            ยกเลิก
            <span
              class="MuiTouchRipple-root emotion-8"
            />
          </button>
        </div>
      </div>
    </div>
    <div
      data-testid="sentinelEnd"
      tabindex="0"
    />
  </div>
</body>
`;
