// Jest Snapshot v1, https://goo.gl/fbAQLP

exports[`SettingTermsAndConditionsPage should render correctly 1`] = `
<DocumentFragment>
  <title>
    ข้อกำหนดและเงื่อนไข
  </title>
  .emotion-0 {
  width: 100%;
  margin-left: auto;
  box-sizing: border-box;
  margin-right: auto;
  display: block;
  padding-left: 16px;
  padding-right: 16px;
  position: relative;
  -webkit-flex: 1;
  -ms-flex: 1;
  flex: 1;
  max-width: 1024px;
}

@media (min-width:600px) {
  .emotion-0 {
    padding-left: 24px;
    padding-right: 24px;
  }
}

@media (min-width:1240px) {
  .emotion-0 {
    max-width: 1240px;
  }
}

.emotion-1 {
  position: absolute;
  left: 0;
  top: 0;
  width: 100%;
  height: 100%;
  padding: 24px;
}

<div
    class="MuiContainer-root MuiContainer-maxWidthLg emotion-0"
  >
    <div
      class="MuiBox-root emotion-1"
    />
  </div>
</DocumentFragment>
`;
