// Jest Snapshot v1, https://goo.gl/fbAQLP

exports[`UnauthorizedLayout should render correctly 1`] = `
<DocumentFragment>
  .emotion-0 {
  display: -webkit-box;
  display: -webkit-flex;
  display: -ms-flexbox;
  display: flex;
  -webkit-flex-direction: row;
  -ms-flex-direction: row;
  flex-direction: row;
  -webkit-flex: 1;
  -ms-flex: 1;
  flex: 1;
}

.emotion-1 {
  display: -webkit-box;
  display: -webkit-flex;
  display: -ms-flexbox;
  display: flex;
  -webkit-flex-direction: column;
  -ms-flex-direction: column;
  flex-direction: column;
  position: relative;
  -webkit-flex: 1;
  -ms-flex: 1;
  flex: 1;
}

.emotion-2 {
  display: -webkit-box;
  display: -webkit-flex;
  display: -ms-flexbox;
  display: flex;
  -webkit-flex-direction: column;
  -ms-flex-direction: column;
  flex-direction: column;
  -webkit-flex: 1;
  -ms-flex: 1;
  flex: 1;
  -webkit-box-pack: center;
  -ms-flex-pack: center;
  -webkit-justify-content: center;
  justify-content: center;
  -webkit-align-items: center;
  -webkit-box-align: center;
  -ms-flex-align: center;
  align-items: center;
}

.emotion-3 {
  position: relative;
}

.emotion-4 {
  display: -webkit-box;
  display: -webkit-flex;
  display: -ms-flexbox;
  display: flex;
  -webkit-flex-direction: column;
  -ms-flex-direction: column;
  flex-direction: column;
  padding: 32px 16px 32px;
  -webkit-align-items: center;
  -webkit-box-align: center;
  -ms-flex-align: center;
  align-items: center;
  -webkit-box-pack: center;
  -ms-flex-pack: center;
  -webkit-justify-content: center;
  justify-content: center;
}

.emotion-6 {
  display: -webkit-box;
  display: -webkit-flex;
  display: -ms-flexbox;
  display: flex;
  -webkit-flex-direction: column;
  -ms-flex-direction: column;
  flex-direction: column;
  -webkit-flex: 1;
  -ms-flex: 1;
  flex: 1;
  background-color: #fff;
}

<div
    class="MuiStack-root emotion-0"
  >
    <div
      class="MuiStack-root emotion-1"
    >
      <img
        alt="login-background"
        src="/img.jpg"
        style="object-fit: cover;"
      />
      <div
        class="MuiStack-root emotion-2"
      >
        <svg
          class="emotion-3"
        />
      </div>
      <div
        class="MuiStack-root emotion-4"
      >
        <svg
          class="emotion-3"
        />
      </div>
    </div>
    <div
      class="MuiStack-root emotion-6"
    >
      <div
        data-testid="children"
      />
    </div>
  </div>
</DocumentFragment>
`;
