// Jest Snapshot v1, https://goo.gl/fbAQLP

exports[`SymptomChecker should render correctly 1`] = `
<DocumentFragment>
  .emotion-0 {
  display: flex;
  -webkit-flex-direction: column;
  -ms-flex-direction: column;
  flex-direction: column;
  -webkit-flex: 1;
  -ms-flex: 1;
  flex: 1;
  padding: 24px;
  overflow: hidden;
}

.emotion-1 {
  background-color: #fff;
  color: unset;
  -webkit-transition: box-shadow 300ms cubic-bezier(0.4, 0, 0.2, 1) 0ms;
  transition: box-shadow 300ms cubic-bezier(0.4, 0, 0.2, 1) 0ms;
  border-radius: 16px;
  box-shadow: none;
  -webkit-flex: 1;
  -ms-flex: 1;
  flex: 1;
  display: flex;
  -webkit-flex-direction: column;
  -ms-flex-direction: column;
  flex-direction: column;
  overflow: auto;
}

.emotion-2 {
  display: flex;
  -webkit-flex-direction: column;
  -ms-flex-direction: column;
  flex-direction: column;
  -webkit-flex: 1;
  -ms-flex: 1;
  flex: 1;
}

.emotion-3 {
  display: flex;
  -webkit-flex-direction: column;
  -ms-flex-direction: column;
  flex-direction: column;
  padding: 32px 40px 0px;
}

.emotion-3 .MuiDivider-root {
  margin-top: 8px;
}

.emotion-4 {
  display: flex;
  -webkit-flex-direction: row;
  -ms-flex-direction: row;
  flex-direction: row;
  -webkit-align-items: center;
  -webkit-box-align: center;
  -ms-flex-align: center;
  align-items: center;
}

.emotion-5 {
  margin-right: 12px;
}

.emotion-6 {
  margin: 0;
  font-family: fontFamily;
  font-weight: 700;
  font-size: 36px;
  line-height: 1.5;
  background: linear-gradient(94deg, #0059D6 0%, #028DF5 50%, #00CBDD 100%);
  -webkit-background-clip: text;
  background-clip: text;
  -webkit-text-fill-color: transparent;
  text-fill-color: transparent;
}

.emotion-7 {
  -webkit-flex: 1;
  -ms-flex: 1;
  flex: 1;
}

.emotion-8 {
  margin: 0;
  font-size: 16px;
  font-weight: 500;
  line-height: 1.5;
}

.emotion-9 {
  margin: 0;
  -webkit-flex-shrink: 0;
  -ms-flex-negative: 0;
  flex-shrink: 0;
  border-width: 0;
  border-style: solid;
  border-color: rgba(0, 0, 0, 0.12);
  border-bottom-width: thin;
}

.emotion-10 {
  display: flex;
  -webkit-flex-direction: column;
  -ms-flex-direction: column;
  flex-direction: column;
  position: relative;
  -webkit-flex: 1;
  -ms-flex: 1;
  flex: 1;
  padding: 8px 40px;
  overflow: hidden;
}

.emotion-11 {
  display: flex;
  -webkit-flex-direction: row;
  -ms-flex-direction: row;
  flex-direction: row;
  position: absolute;
  top: 0;
  left: 0;
  width: 100%;
  height: 100%;
  -webkit-box-pack: center;
  -ms-flex-pack: center;
  -webkit-justify-content: center;
  justify-content: center;
  -webkit-align-items: center;
  -webkit-box-align: center;
  -ms-flex-align: center;
  align-items: center;
}

.emotion-12 {
  position: relative;
  width: 0px;
  height: 0px;
}

.emotion-13 {
  position: absolute;
  pointer-events: none;
}

.emotion-14 {
  width: 100%;
  height: 100%;
  padding: 16px;
  border: 0px;
}

.emotion-15 {
  display: inline-flex;
  -webkit-align-items: center;
  -webkit-box-align: center;
  -ms-flex-align: center;
  align-items: center;
  -webkit-box-pack: center;
  -ms-flex-pack: center;
  -webkit-justify-content: center;
  justify-content: center;
  position: absolute;
  box-sizing: border-box;
  -webkit-tap-highlight-color: transparent;
  background-color: transparent;
  outline: 0;
  border: 1px solid #eceff1;
  margin: 0;
  border-radius: 4px;
  padding: 5px 15px;
  cursor: pointer;
  -webkit-user-select: none;
  -moz-user-select: none;
  -ms-user-select: none;
  user-select: none;
  vertical-align: middle;
  -moz-appearance: none;
  -webkit-appearance: none;
  -webkit-text-decoration: none;
  text-decoration: none;
  color: #212121;
  font-family: fontFamily;
  font-weight: 700;
  font-size: 12px;
  line-height: 1.5;
  text-transform: uppercase;
  min-width: 64px;
  -webkit-transition: background-color 250ms cubic-bezier(0.4, 0, 0.2, 1) 0ms,box-shadow 250ms cubic-bezier(0.4, 0, 0.2, 1) 0ms,border-color 250ms cubic-bezier(0.4, 0, 0.2, 1) 0ms,color 250ms cubic-bezier(0.4, 0, 0.2, 1) 0ms;
  transition: background-color 250ms cubic-bezier(0.4, 0, 0.2, 1) 0ms,box-shadow 250ms cubic-bezier(0.4, 0, 0.2, 1) 0ms,border-color 250ms cubic-bezier(0.4, 0, 0.2, 1) 0ms,color 250ms cubic-bezier(0.4, 0, 0.2, 1) 0ms;
  top: 24px;
  left: 100%;
  margin-left: 24px;
  white-space: nowrap;
}

.emotion-15::-moz-focus-inner {
  border-style: none;
}

.emotion-15.Mui-disabled {
  pointer-events: none;
  cursor: default;
}

@media print {
  .emotion-15 {
    -webkit-print-color-adjust: exact;
    color-adjust: exact;
  }
}

.emotion-15:hover {
  -webkit-text-decoration: none;
  text-decoration: none;
  background-color: rgba(156, 39, 176, 0.04);
  border: 1px solid #9c27b0;
}

@media (hover: none) {
  .emotion-15:hover {
    background-color: transparent;
  }
}

.emotion-15.Mui-disabled {
  color: rgba(0, 0, 0, 0.26);
  border: 1px solid rgba(0, 0, 0, 0.12);
}

.emotion-15:hover {
  border: 1px solid #eceff1;
  background-color: rgba(96, 125, 139, 0.04);
}

.emotion-16 {
  display: inherit;
  margin-right: 8px;
  margin-left: -4px;
}

.emotion-16>*:nth-of-type(1) {
  font-size: 20px;
}

.emotion-17 {
  overflow: hidden;
  pointer-events: none;
  position: absolute;
  z-index: 0;
  top: 0;
  right: 0;
  bottom: 0;
  left: 0;
  border-radius: inherit;
}

<div
    class="MuiStack-root emotion-0"
  >
    <div
      class="MuiPaper-root MuiPaper-elevation MuiPaper-rounded MuiPaper-elevation1 emotion-1"
    >
      <div
        class="MuiStack-root emotion-2"
      >
        <div
          class="MuiStack-root emotion-3"
        >
          <div
            class="MuiStack-root emotion-4"
          >
            <div
              class="MuiBox-root emotion-5"
            >
              <svg />
            </div>
            <p
              class="MuiTypography-root MuiTypography-body1 emotion-6"
            >
              Symptom Checker
            </p>
            <div
              class="MuiBox-root emotion-7"
            />
            <p
              class="MuiTypography-root MuiTypography-bodyMedium emotion-8"
            >
              ที่ปรึกษาทางการแพทย์อัจริยะ
            </p>
          </div>
          <hr
            class="MuiDivider-root MuiDivider-fullWidth emotion-9"
          />
        </div>
        <div
          class="MuiStack-root emotion-10"
        >
          <div
            class="MuiStack-root emotion-11"
          >
            <div
              class="MuiBox-root emotion-12"
              style="width: -12px; height: -48px;"
            >
              <img
                alt="check"
                class="emotion-13"
                src="/img.jpg"
              />
              <iframe
                class="emotion-14"
                src="http://web-url"
                style="border-radius: -1.7999999999999998px;"
              />
              <button
                class="MuiButtonBase-root MuiButton-root MuiButton-outlined MuiButton-outlinedSecondary MuiButton-sizeMedium MuiButton-outlinedSizeMedium MuiButton-colorSecondary MuiButton-root MuiButton-outlined MuiButton-outlinedSecondary MuiButton-sizeMedium MuiButton-outlinedSizeMedium MuiButton-colorSecondary emotion-15"
                tabindex="0"
                type="button"
              >
                <span
                  class="MuiButton-icon MuiButton-startIcon MuiButton-iconSizeMedium emotion-16"
                >
                  <svg />
                </span>
                รีโหลดหน้า
                <span
                  class="MuiTouchRipple-root emotion-17"
                />
              </button>
            </div>
          </div>
        </div>
      </div>
    </div>
  </div>
</DocumentFragment>
`;
