// Jest Snapshot v1, https://goo.gl/fbAQLP

exports[`ProjectCoverLayout to match snap 1`] = `
<DocumentFragment>
  .emotion-0 {
  display: -webkit-box;
  display: -webkit-flex;
  display: -ms-flexbox;
  display: flex;
  -webkit-flex-direction: column;
  -ms-flex-direction: column;
  flex-direction: column;
  background-color: #fff;
  max-width: 330px;
  min-width: 330px;
  height: 100vh;
  padding: 1.5rem 1.5rem 1rem;
  overflow-y: scroll;
}

.emotion-1 {
  margin: 0;
  font-weight: 500;
  line-height: 24px;
  letter-spacing: 0.5px;
  font-size: 16px;
  font-family: NotoSansThai-SemiBold,sans-serif;
}

.emotion-2 {
  list-style: none;
  margin: 0;
  padding: 0;
  position: relative;
  padding-top: 8px;
  padding-bottom: 8px;
}

.emotion-3 {
  display: -webkit-box;
  display: -webkit-flex;
  display: -ms-flexbox;
  display: flex;
  -webkit-box-pack: start;
  -ms-flex-pack: start;
  -webkit-justify-content: flex-start;
  justify-content: flex-start;
  -webkit-align-items: center;
  -webkit-box-align: center;
  -ms-flex-align: center;
  align-items: center;
  position: relative;
  -webkit-text-decoration: none;
  text-decoration: none;
  width: 100%;
  box-sizing: border-box;
  text-align: left;
  padding-top: 8px;
  padding-bottom: 8px;
  padding-left: 16px;
  padding-right: 16px;
  padding: 16px 0;
}

.emotion-3.Mui-focusVisible {
  background-color: rgba(0, 0, 0, 0.12);
}

.emotion-3.Mui-selected {
  background-color: rgba(25, 118, 210, 0.08);
}

.emotion-3.Mui-selected.Mui-focusVisible {
  background-color: rgba(25, 118, 210, 0.2);
}

.emotion-3.Mui-disabled {
  opacity: 0.38;
}

.emotion-4 {
  display: -webkit-box;
  display: -webkit-flex;
  display: -ms-flexbox;
  display: flex;
  -webkit-flex-direction: column;
  -ms-flex-direction: column;
  flex-direction: column;
  width: 100%;
  cursor: pointer;
}

.emotion-5 {
  display: -webkit-box;
  display: -webkit-flex;
  display: -ms-flexbox;
  display: flex;
  -webkit-flex-direction: row;
  -ms-flex-direction: row;
  flex-direction: row;
  width: 100%;
}

.emotion-6 {
  display: -webkit-box;
  display: -webkit-flex;
  display: -ms-flexbox;
  display: flex;
  -webkit-flex-direction: column;
  -ms-flex-direction: column;
  flex-direction: column;
  -webkit-flex: 1;
  -ms-flex: 1;
  flex: 1;
  margin: auto 16px auto 0;
  max-width: 24px;
  -webkit-box-pack: center;
  -ms-flex-pack: center;
  -webkit-justify-content: center;
  justify-content: center;
}

.emotion-7 {
  display: -webkit-box;
  display: -webkit-flex;
  display: -ms-flexbox;
  display: flex;
  -webkit-flex-direction: column;
  -ms-flex-direction: column;
  flex-direction: column;
  justify-self: start;
}

.emotion-8 {
  margin: 0;
  font-weight: 500;
  line-height: 24px;
  letter-spacing: 0.15px;
  font-size: 16px;
  font-family: NotoSansThai-Medium,sans-serif;
}

.emotion-9 {
  height: 0;
  overflow: hidden;
  -webkit-transition: height 300ms cubic-bezier(0.4, 0, 0.2, 1) 0ms;
  transition: height 300ms cubic-bezier(0.4, 0, 0.2, 1) 0ms;
  visibility: hidden;
}

.emotion-10 {
  display: -webkit-box;
  display: -webkit-flex;
  display: -ms-flexbox;
  display: flex;
  width: 100%;
}

.emotion-11 {
  width: 100%;
}

.emotion-19 {
  display: -webkit-box;
  display: -webkit-flex;
  display: -ms-flexbox;
  display: flex;
  -webkit-flex-direction: column;
  -ms-flex-direction: column;
  flex-direction: column;
  margin-left: auto;
}

.emotion-20 {
  -webkit-user-select: none;
  -moz-user-select: none;
  -ms-user-select: none;
  user-select: none;
  width: 1em;
  height: 1em;
  display: inline-block;
  fill: currentColor;
  -webkit-flex-shrink: 0;
  -ms-flex-negative: 0;
  flex-shrink: 0;
  -webkit-transition: fill 200ms cubic-bezier(0.4, 0, 0.2, 1) 0ms;
  transition: fill 200ms cubic-bezier(0.4, 0, 0.2, 1) 0ms;
  font-size: 1.5rem;
}

.emotion-25 {
  display: -webkit-box;
  display: -webkit-flex;
  display: -ms-flexbox;
  display: flex;
  -webkit-box-pack: start;
  -ms-flex-pack: start;
  -webkit-justify-content: flex-start;
  justify-content: flex-start;
  -webkit-align-items: center;
  -webkit-box-align: center;
  -ms-flex-align: center;
  align-items: center;
  position: relative;
  -webkit-text-decoration: none;
  text-decoration: none;
  width: 100%;
  box-sizing: border-box;
  text-align: left;
  padding-top: 8px;
  padding-bottom: 8px;
  padding-left: 16px;
  padding-right: 16px;
  padding: 16px 40px;
  color: inherit;
}

.emotion-25.Mui-focusVisible {
  background-color: rgba(0, 0, 0, 0.12);
}

.emotion-25.Mui-selected {
  background-color: rgba(25, 118, 210, 0.08);
}

.emotion-25.Mui-selected.Mui-focusVisible {
  background-color: rgba(25, 118, 210, 0.2);
}

.emotion-25.Mui-disabled {
  opacity: 0.38;
}

.emotion-26 {
  margin: 0;
  font-weight: 400;
  line-height: 24px;
  letter-spacing: 0.5px;
  font-size: 16px;
  font-family: NotoSansThai-Regular,sans-serif;
}

.emotion-31 {
  margin: 0;
  -webkit-flex-shrink: 0;
  -ms-flex-negative: 0;
  flex-shrink: 0;
  border-width: 0;
  border-style: solid;
  border-color: rgba(0, 0, 0, 0.12);
  border-bottom-width: thin;
}

.emotion-45 {
  display: -webkit-box;
  display: -webkit-flex;
  display: -ms-flexbox;
  display: flex;
  -webkit-flex-direction: column;
  -ms-flex-direction: column;
  flex-direction: column;
  background: linear-gradient(94.13deg, #0059D6 0%, #028DF5 50%, #00CBDD 100%);
  border-radius: 24px;
  min-height: 260px;
  padding: 18px;
  position: relative;
}

.emotion-46 {
  display: -webkit-box;
  display: -webkit-flex;
  display: -ms-flexbox;
  display: flex;
  -webkit-flex-direction: column;
  -ms-flex-direction: column;
  flex-direction: column;
  height: 100%;
}

.emotion-47 {
  display: -webkit-box;
  display: -webkit-flex;
  display: -ms-flexbox;
  display: flex;
  -webkit-flex-direction: row;
  -ms-flex-direction: row;
  flex-direction: row;
}

.emotion-48 {
  display: -webkit-box;
  display: -webkit-flex;
  display: -ms-flexbox;
  display: flex;
  -webkit-flex-direction: row;
  -ms-flex-direction: row;
  flex-direction: row;
  background: rgba(0, 0, 0, 0.87);
  border-radius: 40px;
  margin: 0 0 0 auto;
  padding: 8px 16px;
}

.emotion-49 {
  margin: 0;
  font-weight: 500;
  line-height: 24px;
  letter-spacing: 0.5px;
  font-size: 16px;
  font-family: NotoSansThai-SemiBold,sans-serif;
  color: #fff;
}

.emotion-50 {
  display: -webkit-box;
  display: -webkit-flex;
  display: -ms-flexbox;
  display: flex;
  -webkit-flex-direction: column;
  -ms-flex-direction: column;
  flex-direction: column;
  height: 100%;
  color: #fff;
  margin: 16px 0 0 0;
}

.emotion-53 {
  margin: 0;
  font-weight: 500;
  line-height: 24px;
  letter-spacing: 0.5px;
  font-size: 16px;
  font-family: NotoSansThai-SemiBold,sans-serif;
  margin: auto 0 8px 0;
}

.emotion-55 {
  margin: 0;
  font-weight: 500;
  line-height: 28px;
  letter-spacing: 0;
  font-size: 20px;
  font-family: NotoSansThai-SemiBold,sans-serif;
  color: #FFD54F;
}

<div
    class="MuiStack-root emotion-0"
    data-testid="vertical-menu-container"
  >
    <img
      alt=""
      src="/img.jpg"
      style="margin: 0px 0px 1.5rem;"
    />
    <span
      class="MuiTypography-root MuiTypography-bodyLargeSemiBold emotion-1"
    >
      เครื่องมือวิเคราะห์ข้อมูลด้วย AI
    </span>
    <ul
      class="MuiList-root MuiList-padding emotion-2"
    >
      <li
        class="MuiListItem-root MuiListItem-gutters MuiListItem-padding emotion-3"
      >
        <div
          class="MuiStack-root emotion-4"
        >
          <div
            class="MuiStack-root emotion-5"
          >
            <div
              class="MuiStack-root emotion-6"
            >
              <img
                alt="icon-menu-item-active"
                src="/img.jpg"
                style="width: 24px; height: 24px;"
              />
            </div>
            <div
              class="MuiStack-root emotion-7"
            >
              <h3
                class="MuiTypography-root MuiTypography-titleMedium emotion-8"
              >
                หน้าหลัก
              </h3>
            </div>
          </div>
          <div
            class="MuiCollapse-root MuiCollapse-vertical MuiCollapse-hidden emotion-9"
            data-testid="menu-group-collapse-0"
            style="min-height: 0px;"
          >
            <div
              class="MuiCollapse-wrapper MuiCollapse-vertical emotion-10"
            >
              <div
                class="MuiCollapse-wrapperInner MuiCollapse-vertical emotion-11"
              >
                <ul
                  class="MuiList-root MuiList-padding emotion-2"
                />
              </div>
            </div>
          </div>
        </div>
      </li>
      <li
        class="MuiListItem-root MuiListItem-gutters MuiListItem-padding emotion-3"
      >
        <div
          class="MuiStack-root emotion-4"
        >
          <div
            class="MuiStack-root emotion-5"
          >
            <div
              class="MuiStack-root emotion-6"
            >
              <img
                alt="icon-menu-item"
                src="/img.jpg"
                style="width: 24px; height: 24px;"
              />
            </div>
            <div
              class="MuiStack-root emotion-7"
            >
              <h3
                class="MuiTypography-root MuiTypography-titleMedium emotion-8"
              >
                AI Interpret
              </h3>
            </div>
            <div
              class="MuiStack-root emotion-19"
              data-testid="icon-expand"
            >
              <svg
                aria-hidden="true"
                class="MuiSvgIcon-root MuiSvgIcon-fontSizeMedium emotion-20"
                data-testid="KeyboardArrowDownIcon"
                focusable="false"
                viewBox="0 0 24 24"
              >
                <path
                  d="M7.41 8.59 12 13.17l4.59-4.58L18 10l-6 6-6-6z"
                />
              </svg>
            </div>
          </div>
          <div
            class="MuiCollapse-root MuiCollapse-vertical MuiCollapse-hidden emotion-9"
            data-testid="menu-group-collapse-1"
            style="min-height: 0px;"
          >
            <div
              class="MuiCollapse-wrapper MuiCollapse-vertical emotion-10"
            >
              <div
                class="MuiCollapse-wrapperInner MuiCollapse-vertical emotion-11"
              >
                <ul
                  class="MuiList-root MuiList-padding emotion-2"
                >
                  <li
                    class="MuiListItem-root MuiListItem-gutters MuiListItem-padding emotion-25"
                  >
                    <span
                      class="MuiTypography-root MuiTypography-bodyLarge emotion-26"
                    >
                      ทดลองใช้ข้อมูลตัวอย่าง
                    </span>
                  </li>
                  <li
                    class="MuiListItem-root MuiListItem-gutters MuiListItem-padding emotion-25"
                  >
                    <span
                      class="MuiTypography-root MuiTypography-bodyLarge emotion-26"
                    >
                      ทดลองใส่ข้อมูลเอง
                    </span>
                  </li>
                  <li
                    class="MuiListItem-root MuiListItem-gutters MuiListItem-padding emotion-25"
                  >
                    <span
                      class="MuiTypography-root MuiTypography-bodyLarge emotion-26"
                    >
                      ใช้ข้อมูลจากโรงพยาบาล
                    </span>
                  </li>
                </ul>
              </div>
            </div>
          </div>
        </div>
      </li>
    </ul>
    <hr
      class="MuiDivider-root MuiDivider-fullWidth emotion-31"
      style="margin-bottom: 20px;"
    />
    <span
      class="MuiTypography-root MuiTypography-bodyLargeSemiBold emotion-1"
    >
      การตั้งค่าและอื่นๆ
    </span>
    <ul
      class="MuiList-root MuiList-padding emotion-2"
    >
      <li
        class="MuiListItem-root MuiListItem-gutters MuiListItem-padding emotion-3"
      >
        <div
          class="MuiStack-root emotion-4"
        >
          <div
            class="MuiStack-root emotion-5"
          >
            <div
              class="MuiStack-root emotion-6"
            >
              <img
                alt="icon-menu-item"
                src="/img.jpg"
                style="width: 24px; height: 24px;"
              />
            </div>
            <div
              class="MuiStack-root emotion-7"
            >
              <h3
                class="MuiTypography-root MuiTypography-titleMedium emotion-8"
              >
                ออกจากระบบ
              </h3>
            </div>
          </div>
          <div
            class="MuiCollapse-root MuiCollapse-vertical MuiCollapse-hidden emotion-9"
            data-testid="menu-group-collapse-0"
            style="min-height: 0px;"
          >
            <div
              class="MuiCollapse-wrapper MuiCollapse-vertical emotion-10"
            >
              <div
                class="MuiCollapse-wrapperInner MuiCollapse-vertical emotion-11"
              >
                <ul
                  class="MuiList-root MuiList-padding emotion-2"
                />
              </div>
            </div>
          </div>
        </div>
      </li>
    </ul>
    <hr
      class="MuiDivider-root MuiDivider-fullWidth emotion-31"
      style="margin: auto 0px 20px;"
    />
    <div
      class="MuiStack-root emotion-45"
    >
      <div
        class="MuiStack-root emotion-46"
      >
        <div
          class="MuiStack-root emotion-47"
        >
          <img
            alt=""
            src="/img.jpg"
            style="width: 20px; height: 20px;"
          />
          <div
            class="MuiStack-root emotion-48"
          >
            <img
              alt=""
              src="/img.jpg"
              style="width: 24px; height: 24px; margin: auto 10px auto 0px;"
            />
            <span
              class="MuiTypography-root MuiTypography-bodyLargeSemiBold emotion-49"
            >
              แอดมิน
            </span>
          </div>
        </div>
        <div
          class="MuiStack-root emotion-50"
        >
          <span
            class="MuiTypography-root MuiTypography-bodyLargeSemiBold emotion-1"
          >
             Admin Officer 
          </span>
          <span
            class="MuiTypography-root MuiTypography-bodyLarge emotion-26"
          >
             admin@example.com 
          </span>
          <span
            class="MuiTypography-root MuiTypography-bodyLargeSemiBold emotion-53"
          >
            เครดิตของฉัน 
          </span>
          <div
            class="MuiStack-root emotion-47"
          >
            <img
              alt=""
              src="/img.jpg"
              style="width: 24px; height: 24px; margin: 0px 16px 0px 0px;"
            />
            <h3
              class="MuiTypography-root MuiTypography-titleLargeSemiBold emotion-55"
            >
              ใช้ได้ไม่จำกัด
            </h3>
          </div>
        </div>
      </div>
      <img
        alt=""
        src="/img.jpg"
        style="position: absolute; right: 0px; bottom: 0px; width: 140px; height: 140px;"
      />
    </div>
  </div>
</DocumentFragment>
`;
