// Jest Snapshot v1, https://goo.gl/fbAQLP

exports[`AiInterpretResultPage should render correctly 1`] = `
<DocumentFragment>
  <title>
    AI Interpret Result
  </title>
  .emotion-0 {
  display: flex;
  -webkit-flex-direction: column;
  -ms-flex-direction: column;
  flex-direction: column;
  position: fixed;
  top: 0;
  left: 0;
  z-index: 1300;
  width: 100%;
  height: 100%;
  -webkit-box-pack: center;
  -ms-flex-pack: center;
  -webkit-justify-content: center;
  justify-content: center;
  -webkit-align-items: center;
  -webkit-box-align: center;
  -ms-flex-align: center;
  align-items: center;
  background-color: rgba(0, 0, 0, 0.5);
  -webkit-backdrop-filter: blur(8px);
  backdrop-filter: blur(8px);
}

.emotion-1 {
  display: flex;
  -webkit-flex-direction: column;
  -ms-flex-direction: column;
  flex-direction: column;
  outline: none;
}

<div
    class="MuiStack-root emotion-0"
    data-testid="full-screen-loading"
  >
    <div
      class="MuiStack-root emotion-1"
    >
      <img
        alt="full-screen-loading-image"
        data-testid="full-screen-loading-image"
        height="100"
        src="/img.jpg"
        width="100"
      />
    </div>
  </div>
</DocumentFragment>
`;
